// Jest Snapshot v1, https://goo.gl/fbAQLP

exports[`renders consistently 1`] = `
<time>
  19:3:8
   
  <div>
    KEITH!
  </div>
   
  BOB
</time>
`;
